[21288:29484:0408/140935.748:WARNING:chrome_main_delegate.cc(745)] This is Chrome version 128.0.6613.138 (not a warning)
[21288:22408:0408/140935.793:ERROR:google_update_settings.cc(265)] Failed opening key Software\Chromium to set usagestats; result: 5
[21288:29484:0408/140935.798:WARNING:account_consistency_mode_manager.cc(77)] Desktop Identity Consistency cannot be enabled as no OAuth client ID and client secret have been configured.
[18156:10604:0408/140938.617:WARNING:backend_impl.cc(1764)] Destroying invalid entry.
[16936:11920:0408/140939.961:WARNING:frame_impl.cc(430)] virtual CefFrameImpl::SendProcessMessage sent to detached frame 5-5267A3FB0E57F8C3C6562E4886C15574 will be ignored
[18156:10604:0408/140939.963:WARNING:backend_impl.cc(1543)] Messed up entry found.
[18156:10604:0408/140940.294:WARNING:backend_impl.cc(1543)] Messed up entry found.
[18156:10604:0408/140940.299:WARNING:backend_impl.cc(1543)] Messed up entry found.
[18156:10604:0408/140940.299:WARNING:backend_impl.cc(1543)] Messed up entry found.
[18156:10604:0408/140940.300:ERROR:backend_impl.cc(989)] Critical error found -8
[18156:10604:0408/140940.300:ERROR:entry_impl.cc(1029)] No file for c1030066
[18156:10604:0408/140940.300:WARNING:storage_block-inl.h(138)] Failed data load.
[18156:10604:0408/140940.311:WARNING:storage_block-inl.h(138)] Failed data load.
[18156:10604:0408/140940.311:WARNING:storage_block-inl.h(138)] Failed data load.
[18156:10604:0408/140940.311:WARNING:storage_block-inl.h(138)] Failed data load.
[18156:10604:0408/140940.311:WARNING:storage_block-inl.h(138)] Failed data load.
[18156:10604:0408/140940.312:WARNING:storage_block-inl.h(138)] Failed data load.
[18156:10604:0408/140940.312:WARNING:storage_block-inl.h(138)] Failed data load.
[18156:10604:0408/140940.314:WARNING:storage_block-inl.h(138)] Failed data load.
[18156:10604:0408/140940.314:WARNING:storage_block-inl.h(138)] Failed data load.
[18156:10604:0408/140940.319:WARNING:storage_block-inl.h(138)] Failed data load.
[18156:10604:0408/140940.319:WARNING:storage_block-inl.h(138)] Failed data load.
[18156:10604:0408/140940.319:ERROR:entry_impl.cc(955)] Failed to save user data
[18156:10604:0408/140940.342:WARNING:storage_block-inl.h(138)] Failed data load.
[18156:10604:0408/140940.342:WARNING:storage_block-inl.h(138)] Failed data load.
[18156:10604:0408/140940.342:WARNING:storage_block-inl.h(138)] Failed data load.
[18156:10604:0408/140940.342:WARNING:storage_block-inl.h(138)] Failed data load.
[18156:10604:0408/140940.342:WARNING:storage_block-inl.h(138)] Failed data load.
[18156:10604:0408/140940.342:WARNING:storage_block-inl.h(138)] Failed data load.
[18156:10604:0408/140940.342:WARNING:storage_block-inl.h(138)] Failed data load.
[18156:10604:0408/140940.342:WARNING:storage_block-inl.h(138)] Failed data load.
[18156:10604:0408/140940.342:WARNING:storage_block-inl.h(138)] Failed data load.
[18156:10604:0408/140940.342:WARNING:storage_block-inl.h(138)] Failed data load.
[18156:10604:0408/140940.342:WARNING:storage_block-inl.h(138)] Failed data load.
[18156:10604:0408/140940.342:WARNING:storage_block-inl.h(138)] Failed data load.
[18156:10604:0408/140940.342:WARNING:storage_block-inl.h(138)] Failed data load.
[18156:10604:0408/140940.342:WARNING:storage_block-inl.h(138)] Failed data load.
[18156:10604:0408/140940.343:WARNING:storage_block-inl.h(138)] Failed data load.
[18156:10604:0408/140940.343:WARNING:storage_block-inl.h(138)] Failed data load.
[18156:10604:0408/140940.343:WARNING:storage_block-inl.h(138)] Failed data load.
[18156:10604:0408/140940.343:WARNING:storage_block-inl.h(138)] Failed data load.
[18156:10604:0408/140940.343:ERROR:entry_impl.cc(955)] Failed to save user data
[18156:10604:0408/140940.343:ERROR:entry_impl.cc(955)] Failed to save user data
[18156:10604:0408/140940.343:ERROR:entry_impl.cc(955)] Failed to save user data
[18156:10604:0408/140940.343:ERROR:entry_impl.cc(955)] Failed to save user data
[18156:10604:0408/140940.351:WARNING:storage_block-inl.h(138)] Failed data load.
[18156:10604:0408/140940.351:WARNING:storage_block-inl.h(138)] Failed data load.
[18156:10604:0408/140940.351:WARNING:storage_block-inl.h(138)] Failed data load.
[18156:10604:0408/140940.351:WARNING:storage_block-inl.h(138)] Failed data load.
[18156:10604:0408/140940.351:WARNING:storage_block-inl.h(138)] Failed data load.
[18156:10604:0408/140940.351:WARNING:storage_block-inl.h(138)] Failed data load.
[18156:10604:0408/140940.351:WARNING:storage_block-inl.h(138)] Failed data load.
[18156:10604:0408/140940.351:WARNING:storage_block-inl.h(138)] Failed data load.
[18156:10604:0408/140940.352:WARNING:storage_block-inl.h(138)] Failed data load.
[18156:10604:0408/140940.352:WARNING:storage_block-inl.h(138)] Failed data load.
[18156:10604:0408/140940.352:WARNING:storage_block-inl.h(138)] Failed data load.
[18156:10604:0408/140940.352:WARNING:storage_block-inl.h(138)] Failed data load.
[18156:10604:0408/140940.352:WARNING:storage_block-inl.h(138)] Failed data load.
[18156:10604:0408/140940.352:WARNING:storage_block-inl.h(138)] Failed data load.
[18156:10604:0408/140940.352:WARNING:storage_block-inl.h(138)] Failed data load.
[18156:10604:0408/140940.352:WARNING:storage_block-inl.h(138)] Failed data load.
[18156:10604:0408/140940.352:ERROR:entry_impl.cc(955)] Failed to save user data
[18156:10604:0408/140940.352:WARNING:storage_block-inl.h(138)] Failed data load.
[18156:10604:0408/140940.352:WARNING:storage_block-inl.h(138)] Failed data load.
[18156:10604:0408/140940.352:WARNING:storage_block-inl.h(138)] Failed data load.
[18156:10604:0408/140940.352:WARNING:storage_block-inl.h(138)] Failed data load.
[18156:10604:0408/140940.352:WARNING:storage_block-inl.h(138)] Failed data load.
[18156:10604:0408/140940.352:WARNING:storage_block-inl.h(138)] Failed data load.
[18156:10604:0408/140940.352:WARNING:storage_block-inl.h(138)] Failed data load.
[18156:10604:0408/140940.352:WARNING:storage_block-inl.h(138)] Failed data load.
[18156:10604:0408/140940.353:WARNING:storage_block-inl.h(138)] Failed data load.
[18156:10604:0408/140940.353:WARNING:storage_block-inl.h(138)] Failed data load.
[18156:10604:0408/140940.353:ERROR:entry_impl.cc(955)] Failed to save user data
[18156:10604:0408/140940.353:ERROR:entry_impl.cc(955)] Failed to save user data
[18156:10604:0408/140940.353:ERROR:entry_impl.cc(955)] Failed to save user data
[18156:10604:0408/140940.353:ERROR:entry_impl.cc(955)] Failed to save user data
[18156:10604:0408/140940.353:ERROR:entry_impl.cc(955)] Failed to save user data
[18156:10604:0408/140940.353:ERROR:entry_impl.cc(955)] Failed to save user data
[18156:10604:0408/140940.353:ERROR:entry_impl.cc(955)] Failed to save user data
[18156:10604:0408/140940.353:ERROR:entry_impl.cc(955)] Failed to save user data
[18156:10604:0408/140940.378:WARNING:storage_block-inl.h(138)] Failed data load.
[18156:10604:0408/140940.378:WARNING:storage_block-inl.h(138)] Failed data load.
[18156:10604:0408/140940.378:WARNING:storage_block-inl.h(138)] Failed data load.
[18156:10604:0408/140940.378:WARNING:storage_block-inl.h(138)] Failed data load.
[18156:10604:0408/140940.379:WARNING:storage_block-inl.h(138)] Failed data load.
[18156:10604:0408/140940.379:WARNING:storage_block-inl.h(138)] Failed data load.
[18156:10604:0408/140940.379:WARNING:storage_block-inl.h(138)] Failed data load.
[18156:10604:0408/140940.379:WARNING:storage_block-inl.h(138)] Failed data load.
[18156:10604:0408/140940.380:ERROR:entry_impl.cc(955)] Failed to save user data
[18156:10604:0408/140940.396:WARNING:storage_block-inl.h(138)] Failed data load.
[18156:10604:0408/140940.396:WARNING:storage_block-inl.h(138)] Failed data load.
[18156:10604:0408/140940.396:WARNING:storage_block-inl.h(138)] Failed data load.
[18156:10604:0408/140940.398:WARNING:storage_block-inl.h(138)] Failed data load.
[18156:10604:0408/140940.398:WARNING:storage_block-inl.h(138)] Failed data load.
[18156:10604:0408/140940.399:WARNING:storage_block-inl.h(138)] Failed data load.
[18156:10604:0408/140940.399:WARNING:storage_block-inl.h(138)] Failed data load.
[18156:10604:0408/140940.400:WARNING:storage_block-inl.h(138)] Failed data load.
[18156:10604:0408/140940.400:WARNING:storage_block-inl.h(138)] Failed data load.
[18156:10604:0408/140940.400:ERROR:entry_impl.cc(955)] Failed to save user data
[18156:10604:0408/140940.400:ERROR:entry_impl.cc(955)] Failed to save user data
[18156:10604:0408/140940.400:WARNING:storage_block-inl.h(138)] Failed data load.
[18156:10604:0408/140940.400:WARNING:storage_block-inl.h(138)] Failed data load.
[18156:10604:0408/140940.401:WARNING:storage_block-inl.h(138)] Failed data load.
[18156:10604:0408/140940.401:WARNING:storage_block-inl.h(138)] Failed data load.
[18156:10604:0408/140940.401:WARNING:storage_block-inl.h(138)] Failed data load.
[18156:10604:0408/140940.401:WARNING:storage_block-inl.h(138)] Failed data load.
[18156:10604:0408/140940.402:WARNING:storage_block-inl.h(138)] Failed data load.
[18156:10604:0408/140940.402:WARNING:storage_block-inl.h(138)] Failed data load.
[18156:10604:0408/140940.403:WARNING:storage_block-inl.h(138)] Failed data load.
[18156:10604:0408/140940.403:WARNING:storage_block-inl.h(138)] Failed data load.
[18156:10604:0408/140940.403:WARNING:storage_block-inl.h(138)] Failed data load.
[18156:10604:0408/140940.403:WARNING:storage_block-inl.h(138)] Failed data load.
[18156:10604:0408/140940.403:WARNING:storage_block-inl.h(138)] Failed data load.
[18156:10604:0408/140940.403:WARNING:storage_block-inl.h(138)] Failed data load.
[18156:10604:0408/140940.403:WARNING:storage_block-inl.h(138)] Failed data load.
[18156:10604:0408/140940.403:WARNING:storage_block-inl.h(138)] Failed data load.
[18156:10604:0408/140940.403:ERROR:entry_impl.cc(955)] Failed to save user data
[18156:10604:0408/140940.404:ERROR:entry_impl.cc(955)] Failed to save user data
[18156:10604:0408/140940.404:WARNING:storage_block-inl.h(138)] Failed data load.
[18156:10604:0408/140940.404:WARNING:storage_block-inl.h(138)] Failed data load.
[18156:10604:0408/140940.404:WARNING:storage_block-inl.h(138)] Failed data load.
[18156:10604:0408/140940.404:WARNING:storage_block-inl.h(138)] Failed data load.
[18156:10604:0408/140940.405:ERROR:entry_impl.cc(955)] Failed to save user data
[18156:10604:0408/140940.405:ERROR:entry_impl.cc(955)] Failed to save user data
[18156:10604:0408/140940.405:ERROR:entry_impl.cc(955)] Failed to save user data
[18156:10604:0408/140940.405:ERROR:entry_impl.cc(955)] Failed to save user data
[21288:29484:0408/140944.957:ERROR:device_event_log_impl.cc(196)] [14:09:44.626] USB: usb_service_win.cc:105 SetupDiGetDeviceProperty({{A45C254E-DF1C-4EFD-8020-67D146A850E0}, 6}) failed: Element not found. (0x490)
[21288:29484:0408/142220.233:WARNING:pref_notifier_impl.cc(41)] Pref observer for media_router.cast_allow_all_ips found at shutdown.
